Last login: Thu Sep  1 11:25:20 on ttys001
MGC000000324:~ iwilli69$ cd /Users/iwilli69/Desktop/DigitalUnicorn/TestRepo 
MGC000000324:TestRepo iwilli69$ git init
Reinitialized existing Git repository in /Users/iwilli69/Desktop/DigitalUnicorn/TestRepo/.git/
MGC000000324:TestRepo iwilli69$ git remote add orgin github.com/ijw7/TestRepo.git
fatal: remote orgin already exists.
MGC000000324:TestRepo iwilli69$ git pull orgin master
fatal: unable to access 'https://github.com/ijw7/TestRepo.git/': Could not resolve host: github.com
MGC000000324:TestRepo iwilli69$ git ls-remote --tags --heads https://github.com/ijw7/TestRepo.git
fatal: unable to access 'https://github.com/ijw7/TestRepo.git/': Could not resolve host: github.com
MGC000000324:TestRepo iwilli69$ git config --global https.proxy htpps://proxyvipfra.nb.ford.com:83
MGC000000324:TestRepo iwilli69$ git ls-remote --tags --heads https://github.com/ijw7/TestRepo.git
fatal: unable to access 'https://github.com/ijw7/TestRepo.git/': Could not resolve host: github.com
MGC000000324:TestRepo iwilli69$ git config --global http.proxy htpp://proxyvipfra.nb.ford.com:83
MGC000000324:TestRepo iwilli69$ git config --global http.proxy http://proxyvipfra.nb.ford.com:83
MGC000000324:TestRepo iwilli69$ git config --global https.proxy https://proxyvipfra.nb.ford.com:83
MGC000000324:TestRepo iwilli69$ git ls-remote --tags --heads https://github.com/ijw7/TestRepo.git
e94b71250cebb785b7ef610b2c6d09d33c4954b4	refs/heads/master
MGC000000324:TestRepo iwilli69$ git pull orgin master
remote: Counting objects: 3, done.
remote: Total 3 (delta 0), reused 0 (delta 0), pack-reused 0
Unpacking objects: 100% (3/3), done.
From https://github.com/ijw7/TestRepo
 * branch            master     -> FETCH_HEAD
 * [new branch]      master     -> orgin/master
MGC000000324:TestRepo iwilli69$ git add .
MGC000000324:TestRepo iwilli69$ git commit -m "added line to test"
On branch master
Changes not staged for commit:
	modified:   README.md

no changes added to commit
MGC000000324:TestRepo iwilli69$ git add .
MGC000000324:TestRepo iwilli69$ git commit -m "added a line to the readme"
[master 353256b] added a line to the readme
 1 file changed, 3 insertions(+)
MGC000000324:TestRepo iwilli69$ git push orgin master
Username for 'https://github.com': ijw7
Password for 'https://ijw7@github.com': 
remote: Invalid username or password.
fatal: Authentication failed for 'https://github.com/ijw7/TestRepo.git/'
MGC000000324:TestRepo iwilli69$ git add .
MGC000000324:TestRepo iwilli69$ git commit -m "added a line to the readme"
On branch master
nothing to commit, working tree clean
MGC000000324:TestRepo iwilli69$ git push orgin master
Username for 'https://github.com': ijw7
Password for 'https://ijw7@github.com': 
Counting objects: 3, done.
Delta compression using up to 4 threads.
Compressing objects: 100% (2/2), done.
Writing objects: 100% (3/3), 305 bytes | 0 bytes/s, done.
Total 3 (delta 0), reused 0 (delta 0)
To https://github.com/ijw7/TestRepo.git
   e94b712..353256b  master -> master
MGC000000324:TestRepo iwilli69$ 
